Single task: task_0106 | OpenCode | kimi-k3 | Shubiaobiao
Key is supplied locally. Ctrl+C cancels.
Traceback (most recent call last):
  File "/home/jason_qin/.local/share/uv/python/cpython-3.11.16-linux-x86_64-gnu/lib/python3.11/urllib/request.py", line 1348, in do_open
    h.request(req.get_method(), req.selector, req.data, headers,
  File "/home/jason_qin/.local/share/uv/python/cpython-3.11.16-linux-x86_64-gnu/lib/python3.11/http/client.py", line 1351, in request
    self._send_request(method, url, body, headers, encode_chunked)
  File "/home/jason_qin/.local/share/uv/python/cpython-3.11.16-linux-x86_64-gnu/lib/python3.11/http/client.py", line 1397, in _send_request
    self.endheaders(body, encode_chunked=encode_chunked)
  File "/home/jason_qin/.local/share/uv/python/cpython-3.11.16-linux-x86_64-gnu/lib/python3.11/http/client.py", line 1346, in endheaders
    self._send_output(message_body, encode_chunked=encode_chunked)
  File "/home/jason_qin/.local/share/uv/python/cpython-3.11.16-linux-x86_64-gnu/lib/python3.11/http/client.py", line 1106, in _send_output
    self.send(msg)
  File "/home/jason_qin/.local/share/uv/python/cpython-3.11.16-linux-x86_64-gnu/lib/python3.11/http/client.py", line 1044, in send
    self.connect()
  File "/home/jason_qin/.local/share/uv/python/cpython-3.11.16-linux-x86_64-gnu/lib/python3.11/http/client.py", line 1523, in connect
    self.sock = self._context.wrap_socket(self.sock,
                ^^^^^^^^^^^^^^^^^^^^^^^^^^^^^^^^^^^^
  File "/home/jason_qin/.local/share/uv/python/cpython-3.11.16-linux-x86_64-gnu/lib/python3.11/ssl.py", line 519, in wrap_socket
    return self.sslsocket_class._create(
           ^^^^^^^^^^^^^^^^^^^^^^^^^^^^^
  File "/home/jason_qin/.local/share/uv/python/cpython-3.11.16-linux-x86_64-gnu/lib/python3.11/ssl.py", line 1116, in _create
    self.do_handshake()
  File "/home/jason_qin/.local/share/uv/python/cpython-3.11.16-linux-x86_64-gnu/lib/python3.11/ssl.py", line 1394, in do_handshake
    self._sslobj.do_handshake()
ssl.SSLEOFError: [SSL: UNEXPECTED_EOF_WHILE_READING] EOF occurred in violation of protocol (_ssl.c:1016)
During handling of the above exception, another exception occurred:
Traceback (most recent call last):
  File "/mnt/d/ShaderAgent/re/gamedevbench-environment/run_gpt6_smoke.py", line 33, in <module>
    dns_pins = provider_dns_pins()
               ^^^^^^^^^^^^^^^^^^^
  File "/mnt/d/ShaderAgent/re/gamedevbench-environment/public_dns.py", line 9, in provider_dns_pins
    with urllib.request.urlopen(url, timeout=20) as response:
         ^^^^^^^^^^^^^^^^^^^^^^^^^^^^^^^^^^^^^^^
  File "/home/jason_qin/.local/share/uv/python/cpython-3.11.16-linux-x86_64-gnu/lib/python3.11/urllib/request.py", line 216, in urlopen
    return opener.open(url, data, timeout)
           ^^^^^^^^^^^^^^^^^^^^^^^^^^^^^^^
  File "/home/jason_qin/.local/share/uv/python/cpython-3.11.16-linux-x86_64-gnu/lib/python3.11/urllib/request.py", line 519, in open
    response = self._open(req, data)
               ^^^^^^^^^^^^^^^^^^^^^
  File "/home/jason_qin/.local/share/uv/python/cpython-3.11.16-linux-x86_64-gnu/lib/python3.11/urllib/request.py", line 536, in _open
    result = self._call_chain(self.handle_open, protocol, protocol +
             ^^^^^^^^^^^^^^^^^^^^^^^^^^^^^^^^^^^^^^^^^^^^^^^^^^^^^^^
  File "/home/jason_qin/.local/share/uv/python/cpython-3.11.16-linux-x86_64-gnu/lib/python3.11/urllib/request.py", line 496, in _call_chain
    result = func(*args)
             ^^^^^^^^^^^
  File "/home/jason_qin/.local/share/uv/python/cpython-3.11.16-linux-x86_64-gnu/lib/python3.11/urllib/request.py", line 1391, in https_open
    return self.do_open(http.client.HTTPSConnection, req,
           ^^^^^^^^^^^^^^^^^^^^^^^^^^^^^^^^^^^^^^^^^^^^^^
  File "/home/jason_qin/.local/share/uv/python/cpython-3.11.16-linux-x86_64-gnu/lib/python3.11/urllib/request.py", line 1351, in do_open
    raise URLError(err)
urllib.error.URLError: <urlopen error [SSL: UNEXPECTED_EOF_WHILE_READING] EOF occurred in violation of protocol (_ssl.c:1016)>
